---
source: varnish-macros/src/tests.rs
snapshot_kind: text
---
VMOD_JSON_SPEC
[
  [
    "$VMOD",
    "1.0",
    "event",
    "Vmod_vmod_event_Func",
    "0c3074dc38a817d15cef4d516213be340afd42da73c1e822ab6c714f4b9ca7f2",
    "Varnish (version) (hash)",
    "0",
    "0"
  ],
  [
    "$CPROTO",
    "
struct Vmod_vmod_event_Func {
  vmod_event_f *f_on_event;
};

static struct Vmod_vmod_event_Func Vmod_vmod_event_Func;"
  ],
  [
    "$EVENT",
    "Vmod_vmod_event_Func.f_on_event"
  ]
]

