---
source: varnish-macros/src/tests.rs
snapshot_kind: text
---
VMOD_JSON_SPEC
[
  [
    "$VMOD",
    "1.0",
    "event",
    "Vmod_vmod_event_Func",
    "4ef2376186d5f2ccb6a783144f2c0080cc84af3fb66545a8e842aad5af9565bf",
    "Varnish (version) (hash)",
    "0",
    "0"
  ],
  [
    "$CPROTO",
    "
struct Vmod_vmod_event_Func {
  vmod_event_f *f_on_event;
};

static struct Vmod_vmod_event_Func Vmod_vmod_event_Func;"
  ],
  [
    "$EVENT",
    "Vmod_vmod_event_Func.f_on_event"
  ]
]

