---
source: varnish-macros/src/tests.rs
---
[
  [
    "$VMOD",
    "1.0"
  ],
  [
    "$FUNC",
    "with_docs",
    [
      [
        "VOID"
      ],
      "Vmod_types_Func.f_with_docs",
      ""
    ]
  ],
  [
    "$FUNC",
    "no_docs",
    [
      [
        "VOID"
      ],
      "Vmod_types_Func.f_no_docs",
      ""
    ]
  ],
  [
    "$FUNC",
    "doctest",
    [
      [
        "VOID"
      ],
      "Vmod_types_Func.f_doctest",
      "",
      [
        "INT",
        "_no_docs"
      ],
      [
        "INT",
        "_v"
      ]
    ]
  ],
  [
    "$FUNC",
    "arg_only",
    [
      [
        "VOID"
      ],
      "Vmod_types_Func.f_arg_only",
      "",
      [
        "INT",
        "_v"
      ]
    ]
  ],
  [
    "$OBJ",
    "DocStruct",
    {
      "NULL_OK": false
    },
    "struct vmod_types_DocStruct",
    [
      "$INIT",
      [
        [
          "VOID"
        ],
        "Vmod_types_Func.f_DocStruct__init",
        "struct arg_vmod_types_DocStruct__init",
        [
          "INT",
          "cap",
          null,
          null,
          true
        ]
      ]
    ],
    [
      "$FINI",
      [
        [
          "VOID"
        ],
        "Vmod_types_Func.f_DocStruct__fini",
        ""
      ]
    ],
    [
      "$METHOD",
      "function",
      [
        [
          "VOID"
        ],
        "Vmod_types_Func.f_DocStruct_function",
        "",
        [
          "STRING",
          "key"
        ]
      ]
    ]
  ]
]
