---
source: varnish-macros/src/tests.rs
---
[
  [
    "$VMOD",
    "1.0"
  ],
  [
    "$EVENT",
    "Vmod_event3_Func.f_on_event"
  ],
  [
    "$FUNC",
    "access",
    [
      [
        "VOID"
      ],
      "Vmod_event3_Func.f_access",
      "",
      [
        "PRIV_VCL",
        "vcl"
      ]
    ]
  ],
  [
    "$OBJ",
    "Obj1",
    {
      "NULL_OK": false
    },
    "struct vmod_event3_Obj1",
    [
      "$INIT",
      [
        [
          "VOID"
        ],
        "Vmod_event3_Func.f_Obj1__init",
        "",
        [
          "PRIV_VCL",
          "__vp"
        ]
      ]
    ],
    [
      "$FINI",
      [
        [
          "VOID"
        ],
        "Vmod_event3_Func.f_Obj1__fini",
        ""
      ]
    ],
    [
      "$METHOD",
      "obj_access",
      [
        [
          "VOID"
        ],
        "Vmod_event3_Func.f_Obj1_obj_access",
        "",
        [
          "PRIV_VCL",
          "vcl"
        ]
      ]
    ]
  ],
  [
    "$OBJ",
    "Obj2",
    {
      "NULL_OK": false
    },
    "struct vmod_event3_Obj2",
    [
      "$INIT",
      [
        [
          "VOID"
        ],
        "Vmod_event3_Func.f_Obj2__init",
        "",
        [
          "PRIV_VCL",
          "__vp"
        ]
      ]
    ],
    [
      "$FINI",
      [
        [
          "VOID"
        ],
        "Vmod_event3_Func.f_Obj2__fini",
        ""
      ]
    ],
    [
      "$METHOD",
      "obj_access",
      [
        [
          "VOID"
        ],
        "Vmod_event3_Func.f_Obj2_obj_access",
        ""
      ]
    ]
  ]
]
