---
source: varnish-macros/src/tests.rs
---
[
  [
    "$VMOD",
    "1.0"
  ],
  [
    "$FUNC",
    "to_void",
    [
      [
        "VOID"
      ],
      "Vmod_types_Func.f_to_void",
      ""
    ]
  ],
  [
    "$FUNC",
    "to_res_void_err",
    [
      [
        "VOID"
      ],
      "Vmod_types_Func.f_to_res_void_err",
      ""
    ]
  ],
  [
    "$FUNC",
    "to_res_str_err",
    [
      [
        "VOID"
      ],
      "Vmod_types_Func.f_to_res_str_err",
      ""
    ]
  ],
  [
    "$FUNC",
    "to_res_box_err",
    [
      [
        "VOID"
      ],
      "Vmod_types_Func.f_to_res_box_err",
      ""
    ]
  ],
  [
    "$FUNC",
    "type_bool",
    [
      [
        "VOID"
      ],
      "Vmod_types_Func.f_type_bool",
      "",
      [
        "BOOL",
        "_v"
      ]
    ]
  ],
  [
    "$FUNC",
    "type_bool_dflt",
    [
      [
        "VOID"
      ],
      "Vmod_types_Func.f_type_bool_dflt",
      "",
      [
        "BOOL",
        "_v",
        "1"
      ]
    ]
  ],
  [
    "$FUNC",
    "opt_bool",
    [
      [
        "VOID"
      ],
      "Vmod_types_Func.f_opt_bool",
      "struct arg_vmod_types_opt_bool",
      [
        "BOOL",
        "_v",
        null,
        null,
        true
      ]
    ]
  ],
  [
    "$FUNC",
    "to_bool",
    [
      [
        "BOOL"
      ],
      "Vmod_types_Func.f_to_bool",
      ""
    ]
  ],
  [
    "$FUNC",
    "to_res_bool",
    [
      [
        "BOOL"
      ],
      "Vmod_types_Func.f_to_res_bool",
      ""
    ]
  ],
  [
    "$FUNC",
    "type_cstr",
    [
      [
        "VOID"
      ],
      "Vmod_types_Func.f_type_cstr",
      "",
      [
        "STRING",
        "_v"
      ]
    ]
  ],
  [
    "$FUNC",
    "opt_cstr",
    [
      [
        "VOID"
      ],
      "Vmod_types_Func.f_opt_cstr",
      "struct arg_vmod_types_opt_cstr",
      [
        "STRING",
        "_v",
        null,
        null,
        true
      ]
    ]
  ],
  [
    "$FUNC",
    "opt_cstr_req",
    [
      [
        "VOID"
      ],
      "Vmod_types_Func.f_opt_cstr_req",
      "",
      [
        "STRING",
        "_v"
      ]
    ]
  ],
  [
    "$FUNC",
    "type_cstr_dflt",
    [
      [
        "VOID"
      ],
      "Vmod_types_Func.f_type_cstr_dflt",
      "",
      [
        "STRING",
        "_v",
        "\"baz\""
      ]
    ]
  ],
  [
    "$FUNC",
    "type_cstr_dflt2",
    [
      [
        "VOID"
      ],
      "Vmod_types_Func.f_type_cstr_dflt2",
      "",
      [
        "STRING",
        "_v",
        "\"baz\""
      ]
    ]
  ],
  [
    "$FUNC",
    "opt_cstr_dflt",
    [
      [
        "VOID"
      ],
      "Vmod_types_Func.f_opt_cstr_dflt",
      "struct arg_vmod_types_opt_cstr_dflt",
      [
        "STRING",
        "_v",
        "\"baz\"",
        null,
        true
      ]
    ]
  ],
  [
    "$FUNC",
    "opt_cstr_dflt2",
    [
      [
        "VOID"
      ],
      "Vmod_types_Func.f_opt_cstr_dflt2",
      "",
      [
        "STRING",
        "_v",
        "\"baz\""
      ]
    ]
  ],
  [
    "$FUNC",
    "to_cstr",
    [
      [
        "STRING"
      ],
      "Vmod_types_Func.f_to_cstr",
      ""
    ]
  ],
  [
    "$FUNC",
    "to_res_cstr",
    [
      [
        "STRING"
      ],
      "Vmod_types_Func.f_to_res_cstr",
      ""
    ]
  ],
  [
    "$FUNC",
    "to_res_cstr_err",
    [
      [
        "STRING"
      ],
      "Vmod_types_Func.f_to_res_cstr_err",
      ""
    ]
  ],
  [
    "$FUNC",
    "type_duration",
    [
      [
        "VOID"
      ],
      "Vmod_types_Func.f_type_duration",
      "",
      [
        "DURATION",
        "_v"
      ]
    ]
  ],
  [
    "$FUNC",
    "opt_duration",
    [
      [
        "VOID"
      ],
      "Vmod_types_Func.f_opt_duration",
      "struct arg_vmod_types_opt_duration",
      [
        "DURATION",
        "_v",
        null,
        null,
        true
      ]
    ]
  ],
  [
    "$FUNC",
    "to_duration",
    [
      [
        "DURATION"
      ],
      "Vmod_types_Func.f_to_duration",
      ""
    ]
  ],
  [
    "$FUNC",
    "to_res_duration",
    [
      [
        "DURATION"
      ],
      "Vmod_types_Func.f_to_res_duration",
      ""
    ]
  ],
  [
    "$FUNC",
    "type_f64",
    [
      [
        "VOID"
      ],
      "Vmod_types_Func.f_type_f64",
      "",
      [
        "REAL",
        "_v"
      ]
    ]
  ],
  [
    "$FUNC",
    "type_f64_dflt",
    [
      [
        "VOID"
      ],
      "Vmod_types_Func.f_type_f64_dflt",
      "",
      [
        "REAL",
        "_v",
        "42.3"
      ]
    ]
  ],
  [
    "$FUNC",
    "opt_f64",
    [
      [
        "VOID"
      ],
      "Vmod_types_Func.f_opt_f64",
      "struct arg_vmod_types_opt_f64",
      [
        "REAL",
        "_v",
        null,
        null,
        true
      ]
    ]
  ],
  [
    "$FUNC",
    "to_f64",
    [
      [
        "REAL"
      ],
      "Vmod_types_Func.f_to_f64",
      ""
    ]
  ],
  [
    "$FUNC",
    "to_res_f64",
    [
      [
        "REAL"
      ],
      "Vmod_types_Func.f_to_res_f64",
      ""
    ]
  ],
  [
    "$FUNC",
    "type_i64",
    [
      [
        "VOID"
      ],
      "Vmod_types_Func.f_type_i64",
      "",
      [
        "INT",
        "_v"
      ]
    ]
  ],
  [
    "$FUNC",
    "type_i64_dflt",
    [
      [
        "VOID"
      ],
      "Vmod_types_Func.f_type_i64_dflt",
      "",
      [
        "INT",
        "_v",
        "10"
      ]
    ]
  ],
  [
    "$FUNC",
    "opt_i64",
    [
      [
        "VOID"
      ],
      "Vmod_types_Func.f_opt_i64",
      "struct arg_vmod_types_opt_i64",
      [
        "INT",
        "_v",
        null,
        null,
        true
      ]
    ]
  ],
  [
    "$FUNC",
    "to_i64",
    [
      [
        "INT"
      ],
      "Vmod_types_Func.f_to_i64",
      ""
    ]
  ],
  [
    "$FUNC",
    "to_res_i64",
    [
      [
        "INT"
      ],
      "Vmod_types_Func.f_to_res_i64",
      ""
    ]
  ],
  [
    "$FUNC",
    "type_str",
    [
      [
        "VOID"
      ],
      "Vmod_types_Func.f_type_str",
      "",
      [
        "STRING",
        "_v"
      ]
    ]
  ],
  [
    "$FUNC",
    "opt_str",
    [
      [
        "VOID"
      ],
      "Vmod_types_Func.f_opt_str",
      "struct arg_vmod_types_opt_str",
      [
        "STRING",
        "_v",
        null,
        null,
        true
      ]
    ]
  ],
  [
    "$FUNC",
    "opt_str_req",
    [
      [
        "VOID"
      ],
      "Vmod_types_Func.f_opt_str_req",
      "",
      [
        "STRING",
        "_v"
      ]
    ]
  ],
  [
    "$FUNC",
    "type_str_dflt",
    [
      [
        "VOID"
      ],
      "Vmod_types_Func.f_type_str_dflt",
      "",
      [
        "STRING",
        "_v",
        "\"baz\""
      ]
    ]
  ],
  [
    "$FUNC",
    "opt_str_dflt",
    [
      [
        "VOID"
      ],
      "Vmod_types_Func.f_opt_str_dflt",
      "struct arg_vmod_types_opt_str_dflt",
      [
        "STRING",
        "_v",
        "\"baz\"",
        null,
        true
      ]
    ]
  ],
  [
    "$FUNC",
    "to_str",
    [
      [
        "STRING"
      ],
      "Vmod_types_Func.f_to_str",
      ""
    ]
  ],
  [
    "$FUNC",
    "to_res_str",
    [
      [
        "STRING"
      ],
      "Vmod_types_Func.f_to_res_str",
      ""
    ]
  ],
  [
    "$FUNC",
    "to_string",
    [
      [
        "STRING"
      ],
      "Vmod_types_Func.f_to_string",
      ""
    ]
  ],
  [
    "$FUNC",
    "to_opt_string",
    [
      [
        "STRING"
      ],
      "Vmod_types_Func.f_to_opt_string",
      ""
    ]
  ],
  [
    "$FUNC",
    "to_res_string",
    [
      [
        "STRING"
      ],
      "Vmod_types_Func.f_to_res_string",
      ""
    ]
  ],
  [
    "$FUNC",
    "to_res_opt_string",
    [
      [
        "STRING"
      ],
      "Vmod_types_Func.f_to_res_opt_string",
      ""
    ]
  ],
  [
    "$FUNC",
    "type_probe",
    [
      [
        "VOID"
      ],
      "Vmod_types_Func.f_type_probe",
      "struct arg_vmod_types_type_probe",
      [
        "PROBE",
        "_v",
        null,
        null,
        true
      ]
    ]
  ],
  [
    "$FUNC",
    "type_probe_req",
    [
      [
        "VOID"
      ],
      "Vmod_types_Func.f_type_probe_req",
      "",
      [
        "PROBE",
        "_v"
      ]
    ]
  ],
  [
    "$FUNC",
    "to_probe",
    [
      [
        "PROBE"
      ],
      "Vmod_types_Func.f_to_probe",
      ""
    ]
  ],
  [
    "$FUNC",
    "to_res_probe",
    [
      [
        "PROBE"
      ],
      "Vmod_types_Func.f_to_res_probe",
      ""
    ]
  ],
  [
    "$FUNC",
    "type_cow_probe",
    [
      [
        "VOID"
      ],
      "Vmod_types_Func.f_type_cow_probe",
      "struct arg_vmod_types_type_cow_probe",
      [
        "PROBE",
        "_v",
        null,
        null,
        true
      ]
    ]
  ],
  [
    "$FUNC",
    "type_cow_probe_req",
    [
      [
        "VOID"
      ],
      "Vmod_types_Func.f_type_cow_probe_req",
      "",
      [
        "PROBE",
        "_v"
      ]
    ]
  ],
  [
    "$FUNC",
    "to_cow_probe",
    [
      [
        "PROBE"
      ],
      "Vmod_types_Func.f_to_cow_probe",
      ""
    ]
  ],
  [
    "$FUNC",
    "to_res_cow_probe",
    [
      [
        "PROBE"
      ],
      "Vmod_types_Func.f_to_res_cow_probe",
      ""
    ]
  ],
  [
    "$FUNC",
    "type_ip",
    [
      [
        "VOID"
      ],
      "Vmod_types_Func.f_type_ip",
      "struct arg_vmod_types_type_ip",
      [
        "IP",
        "_v",
        null,
        null,
        true
      ]
    ]
  ],
  [
    "$FUNC",
    "type_ip_req",
    [
      [
        "VOID"
      ],
      "Vmod_types_Func.f_type_ip_req",
      "",
      [
        "IP",
        "_v"
      ]
    ]
  ],
  [
    "$FUNC",
    "to_ip",
    [
      [
        "IP"
      ],
      "Vmod_types_Func.f_to_ip",
      ""
    ]
  ],
  [
    "$FUNC",
    "to_res_ip",
    [
      [
        "IP"
      ],
      "Vmod_types_Func.f_to_res_ip",
      ""
    ]
  ],
  [
    "$FUNC",
    "to_vcl_string",
    [
      [
        "STRING"
      ],
      "Vmod_types_Func.f_to_vcl_string",
      ""
    ]
  ],
  [
    "$FUNC",
    "to_res_vcl_string",
    [
      [
        "STRING"
      ],
      "Vmod_types_Func.f_to_res_vcl_string",
      ""
    ]
  ],
  [
    "$FUNC",
    "opt_i64_opt_i64",
    [
      [
        "STRING"
      ],
      "Vmod_types_Func.f_opt_i64_opt_i64",
      "struct arg_vmod_types_opt_i64_opt_i64",
      [
        "INT",
        "a1"
      ],
      [
        "INT",
        "a2",
        null,
        null,
        true
      ],
      [
        "INT",
        "a3"
      ]
    ]
  ],
  [
    "$FUNC",
    "get_ws_mut",
    [
      [
        "VOID"
      ],
      "Vmod_types_Func.f_get_ws_mut",
      ""
    ]
  ],
  [
    "$FUNC",
    "get_ws_ref",
    [
      [
        "VOID"
      ],
      "Vmod_types_Func.f_get_ws_ref",
      ""
    ]
  ]
]
