---
source: varnish-macros/src/tests.rs
---
[
  [
    "$VMOD",
    "1.0"
  ],
  [
    "$OBJ",
    "kv1",
    {
      "NULL_OK": false
    },
    "struct vmod_obj_kv1",
    [
      "$INIT",
      [
        [
          "VOID"
        ],
        "Vmod_obj_Func.f_kv1__init",
        "struct arg_vmod_obj_kv1__init",
        [
          "INT",
          "cap",
          null,
          null,
          true
        ]
      ]
    ],
    [
      "$FINI",
      [
        [
          "VOID"
        ],
        "Vmod_obj_Func.f_kv1__fini",
        ""
      ]
    ],
    [
      "$METHOD",
      "set",
      [
        [
          "VOID"
        ],
        "Vmod_obj_Func.f_kv1_set",
        "",
        [
          "STRING",
          "key"
        ],
        [
          "STRING",
          "value"
        ]
      ]
    ],
    [
      "$METHOD",
      "get",
      [
        [
          "STRING"
        ],
        "Vmod_obj_Func.f_kv1_get",
        "",
        [
          "STRING",
          "key"
        ]
      ]
    ]
  ],
  [
    "$OBJ",
    "kv2",
    {
      "NULL_OK": false
    },
    "struct vmod_obj_kv2",
    [
      "$INIT",
      [
        [
          "VOID"
        ],
        "Vmod_obj_Func.f_kv2__init",
        "struct arg_vmod_obj_kv2__init",
        [
          "INT",
          "cap",
          null,
          null,
          true
        ]
      ]
    ],
    [
      "$FINI",
      [
        [
          "VOID"
        ],
        "Vmod_obj_Func.f_kv2__fini",
        ""
      ]
    ],
    [
      "$METHOD",
      "set",
      [
        [
          "VOID"
        ],
        "Vmod_obj_Func.f_kv2_set",
        "struct arg_vmod_obj_kv2_set",
        [
          "STRING",
          "key"
        ],
        [
          "STRING",
          "value",
          null,
          null,
          true
        ]
      ]
    ]
  ],
  [
    "$OBJ",
    "kv3",
    {
      "NULL_OK": false
    },
    "struct vmod_obj_kv3",
    [
      "$INIT",
      [
        [
          "VOID"
        ],
        "Vmod_obj_Func.f_kv3__init",
        "struct arg_vmod_obj_kv3__init",
        [
          "INT",
          "cap",
          null,
          null,
          true
        ]
      ]
    ],
    [
      "$FINI",
      [
        [
          "VOID"
        ],
        "Vmod_obj_Func.f_kv3__fini",
        ""
      ]
    ],
    [
      "$METHOD",
      "set",
      [
        [
          "VOID"
        ],
        "Vmod_obj_Func.f_kv3_set",
        "struct arg_vmod_obj_kv3_set",
        [
          "STRING",
          "key"
        ],
        [
          "STRING",
          "value",
          null,
          null,
          true
        ]
      ]
    ]
  ]
]
