---
source: varnish-macros/src/tests.rs
---
[
  [
    "$VMOD",
    "1.0"
  ],
  [
    "$OBJ",
    "Obj1",
    {
      "NULL_OK": false
    },
    "struct vmod_obj2_Obj1",
    [
      "$INIT",
      [
        [
          "VOID"
        ],
        "Vmod_obj2_Func.f_Obj1__init",
        "struct arg_vmod_obj2_Obj1__init",
        [
          "PRIV_VCL",
          "__vp"
        ],
        [
          "INT",
          "val",
          null,
          null,
          true
        ]
      ]
    ],
    [
      "$FINI",
      [
        [
          "VOID"
        ],
        "Vmod_obj2_Func.f_Obj1__fini",
        ""
      ]
    ]
  ],
  [
    "$OBJ",
    "Obj2",
    {
      "NULL_OK": false
    },
    "struct vmod_obj2_Obj2",
    [
      "$INIT",
      [
        [
          "VOID"
        ],
        "Vmod_obj2_Func.f_Obj2__init",
        "",
        [
          "PRIV_VCL",
          "__vp"
        ],
        [
          "INT",
          "val"
        ]
      ]
    ],
    [
      "$FINI",
      [
        [
          "VOID"
        ],
        "Vmod_obj2_Func.f_Obj2__fini",
        ""
      ]
    ]
  ],
  [
    "$OBJ",
    "Obj3",
    {
      "NULL_OK": false
    },
    "struct vmod_obj2_Obj3",
    [
      "$INIT",
      [
        [
          "VOID"
        ],
        "Vmod_obj2_Func.f_Obj3__init",
        "struct arg_vmod_obj2_Obj3__init",
        [
          "PRIV_VCL",
          "__vp"
        ],
        [
          "INT",
          "val",
          null,
          null,
          true
        ]
      ]
    ],
    [
      "$FINI",
      [
        [
          "VOID"
        ],
        "Vmod_obj2_Func.f_Obj3__fini",
        ""
      ]
    ]
  ],
  [
    "$OBJ",
    "Obj4",
    {
      "NULL_OK": false
    },
    "struct vmod_obj2_Obj4",
    [
      "$INIT",
      [
        [
          "VOID"
        ],
        "Vmod_obj2_Func.f_Obj4__init",
        "",
        [
          "PRIV_VCL",
          "__vp"
        ],
        [
          "INT",
          "val"
        ]
      ]
    ],
    [
      "$FINI",
      [
        [
          "VOID"
        ],
        "Vmod_obj2_Func.f_Obj4__fini",
        ""
      ]
    ]
  ]
]
