---
source: varnish-macros/src/tests.rs
---
[
  [
    "$VMOD",
    "1.0"
  ],
  [
    "$FUNC",
    "val_acl",
    [
      [
        "ACL"
      ],
      "Vmod_vcl_returns_Func.f_val_acl",
      ""
    ]
  ],
  [
    "$FUNC",
    "res_acl",
    [
      [
        "ACL"
      ],
      "Vmod_vcl_returns_Func.f_res_acl",
      ""
    ]
  ],
  [
    "$FUNC",
    "val_backend",
    [
      [
        "BACKEND"
      ],
      "Vmod_vcl_returns_Func.f_val_backend",
      ""
    ]
  ],
  [
    "$FUNC",
    "res_backend",
    [
      [
        "BACKEND"
      ],
      "Vmod_vcl_returns_Func.f_res_backend",
      ""
    ]
  ],
  [
    "$FUNC",
    "val_blob",
    [
      [
        "BLOB"
      ],
      "Vmod_vcl_returns_Func.f_val_blob",
      ""
    ]
  ],
  [
    "$FUNC",
    "res_blob",
    [
      [
        "BLOB"
      ],
      "Vmod_vcl_returns_Func.f_res_blob",
      ""
    ]
  ],
  [
    "$FUNC",
    "val_body",
    [
      [
        "BODY"
      ],
      "Vmod_vcl_returns_Func.f_val_body",
      ""
    ]
  ],
  [
    "$FUNC",
    "res_body",
    [
      [
        "BODY"
      ],
      "Vmod_vcl_returns_Func.f_res_body",
      ""
    ]
  ],
  [
    "$FUNC",
    "val_bool",
    [
      [
        "BOOL"
      ],
      "Vmod_vcl_returns_Func.f_val_bool",
      ""
    ]
  ],
  [
    "$FUNC",
    "res_bool",
    [
      [
        "BOOL"
      ],
      "Vmod_vcl_returns_Func.f_res_bool",
      ""
    ]
  ],
  [
    "$FUNC",
    "val_bytes",
    [
      [
        "BYTES"
      ],
      "Vmod_vcl_returns_Func.f_val_bytes",
      ""
    ]
  ],
  [
    "$FUNC",
    "res_bytes",
    [
      [
        "BYTES"
      ],
      "Vmod_vcl_returns_Func.f_res_bytes",
      ""
    ]
  ],
  [
    "$FUNC",
    "val_duration",
    [
      [
        "DURATION"
      ],
      "Vmod_vcl_returns_Func.f_val_duration",
      ""
    ]
  ],
  [
    "$FUNC",
    "res_duration",
    [
      [
        "DURATION"
      ],
      "Vmod_vcl_returns_Func.f_res_duration",
      ""
    ]
  ],
  [
    "$FUNC",
    "val_enum",
    [
      [
        "ENUM"
      ],
      "Vmod_vcl_returns_Func.f_val_enum",
      ""
    ]
  ],
  [
    "$FUNC",
    "res_enum",
    [
      [
        "ENUM"
      ],
      "Vmod_vcl_returns_Func.f_res_enum",
      ""
    ]
  ],
  [
    "$FUNC",
    "val_header",
    [
      [
        "HEADER"
      ],
      "Vmod_vcl_returns_Func.f_val_header",
      ""
    ]
  ],
  [
    "$FUNC",
    "res_header",
    [
      [
        "HEADER"
      ],
      "Vmod_vcl_returns_Func.f_res_header",
      ""
    ]
  ],
  [
    "$FUNC",
    "val_http",
    [
      [
        "HTTP"
      ],
      "Vmod_vcl_returns_Func.f_val_http",
      ""
    ]
  ],
  [
    "$FUNC",
    "res_http",
    [
      [
        "HTTP"
      ],
      "Vmod_vcl_returns_Func.f_res_http",
      ""
    ]
  ],
  [
    "$FUNC",
    "val_instance",
    [
      [
        "INSTANCE"
      ],
      "Vmod_vcl_returns_Func.f_val_instance",
      ""
    ]
  ],
  [
    "$FUNC",
    "val_int",
    [
      [
        "INT"
      ],
      "Vmod_vcl_returns_Func.f_val_int",
      ""
    ]
  ],
  [
    "$FUNC",
    "res_int",
    [
      [
        "INT"
      ],
      "Vmod_vcl_returns_Func.f_res_int",
      ""
    ]
  ],
  [
    "$FUNC",
    "val_ip",
    [
      [
        "IP"
      ],
      "Vmod_vcl_returns_Func.f_val_ip",
      ""
    ]
  ],
  [
    "$FUNC",
    "res_ip",
    [
      [
        "IP"
      ],
      "Vmod_vcl_returns_Func.f_res_ip",
      ""
    ]
  ],
  [
    "$FUNC",
    "val_probe",
    [
      [
        "PROBE"
      ],
      "Vmod_vcl_returns_Func.f_val_probe",
      ""
    ]
  ],
  [
    "$FUNC",
    "res_probe",
    [
      [
        "PROBE"
      ],
      "Vmod_vcl_returns_Func.f_res_probe",
      ""
    ]
  ],
  [
    "$FUNC",
    "val_real",
    [
      [
        "REAL"
      ],
      "Vmod_vcl_returns_Func.f_val_real",
      ""
    ]
  ],
  [
    "$FUNC",
    "res_real",
    [
      [
        "REAL"
      ],
      "Vmod_vcl_returns_Func.f_res_real",
      ""
    ]
  ],
  [
    "$FUNC",
    "val_regex",
    [
      [
        "REGEX"
      ],
      "Vmod_vcl_returns_Func.f_val_regex",
      ""
    ]
  ],
  [
    "$FUNC",
    "res_regex",
    [
      [
        "REGEX"
      ],
      "Vmod_vcl_returns_Func.f_res_regex",
      ""
    ]
  ],
  [
    "$FUNC",
    "val_stevedore",
    [
      [
        "STEVEDORE"
      ],
      "Vmod_vcl_returns_Func.f_val_stevedore",
      ""
    ]
  ],
  [
    "$FUNC",
    "res_stevedore",
    [
      [
        "STEVEDORE"
      ],
      "Vmod_vcl_returns_Func.f_res_stevedore",
      ""
    ]
  ],
  [
    "$FUNC",
    "val_strands",
    [
      [
        "STRANDS"
      ],
      "Vmod_vcl_returns_Func.f_val_strands",
      ""
    ]
  ],
  [
    "$FUNC",
    "res_strands",
    [
      [
        "STRANDS"
      ],
      "Vmod_vcl_returns_Func.f_res_strands",
      ""
    ]
  ],
  [
    "$FUNC",
    "val_string",
    [
      [
        "STRING"
      ],
      "Vmod_vcl_returns_Func.f_val_string",
      ""
    ]
  ],
  [
    "$FUNC",
    "res_string",
    [
      [
        "STRING"
      ],
      "Vmod_vcl_returns_Func.f_res_string",
      ""
    ]
  ],
  [
    "$FUNC",
    "val_sub",
    [
      [
        "SUB"
      ],
      "Vmod_vcl_returns_Func.f_val_sub",
      ""
    ]
  ],
  [
    "$FUNC",
    "res_sub",
    [
      [
        "SUB"
      ],
      "Vmod_vcl_returns_Func.f_res_sub",
      ""
    ]
  ],
  [
    "$FUNC",
    "val_time",
    [
      [
        "TIME"
      ],
      "Vmod_vcl_returns_Func.f_val_time",
      ""
    ]
  ],
  [
    "$FUNC",
    "res_time",
    [
      [
        "TIME"
      ],
      "Vmod_vcl_returns_Func.f_res_time",
      ""
    ]
  ],
  [
    "$FUNC",
    "val_vcl",
    [
      [
        "VCL"
      ],
      "Vmod_vcl_returns_Func.f_val_vcl",
      ""
    ]
  ],
  [
    "$FUNC",
    "res_vcl",
    [
      [
        "VCL"
      ],
      "Vmod_vcl_returns_Func.f_res_vcl",
      ""
    ]
  ]
]
